d:\progects\quasar_new\quasar\quasarcorelib\x64\release\vc145.pdb
d:\progects\quasar_new\quasar\quasarcorelib\x64\release\main_thread.obj
d:\progects\quasar_new\quasar\quasarcorelib\x64\release\license.obj
d:\progects\quasar_new\quasar\quasarcorelib\x64\release\globals.obj
d:\progects\quasar_new\quasar\quasarcorelib\x64\release\dllmain.obj
d:\progects\quasar_new\quasar\quasarcorelib\x64\release\console.obj
d:\progects\quasar_new\quasar\x64\release\quasarcorelib.dll
d:\progects\quasar_new\quasar\x64\release\quasarcorelib.pdb
d:\progects\quasar_new\quasar\x64\release\quasarcorelib.lib
d:\progects\quasar_new\quasar\x64\release\quasarcorelib.exp
d:\progects\quasar_new\quasar\quasarcorelib\x64\release\quasarcorelib.ipdb
d:\progects\quasar_new\quasar\quasarcorelib\x64\release\quasarcorelib.iobj
d:\progects\quasar_new\quasar\quasarcorelib\x64\release\quasarcorelib.tlog\cl.command.1.tlog
d:\progects\quasar_new\quasar\quasarcorelib\x64\release\quasarcorelib.tlog\cl.items.tlog
d:\progects\quasar_new\quasar\quasarcorelib\x64\release\quasarcorelib.tlog\cl.read.1.tlog
d:\progects\quasar_new\quasar\quasarcorelib\x64\release\quasarcorelib.tlog\cl.write.1.tlog
d:\progects\quasar_new\quasar\quasarcorelib\x64\release\quasarcorelib.tlog\link.command.1.tlog
d:\progects\quasar_new\quasar\quasarcorelib\x64\release\quasarcorelib.tlog\link.read.1.tlog
d:\progects\quasar_new\quasar\quasarcorelib\x64\release\quasarcorelib.tlog\link.secondary.1.tlog
d:\progects\quasar_new\quasar\quasarcorelib\x64\release\quasarcorelib.tlog\link.write.1.tlog
